// Jest Snapshot v1, https://goo.gl/fbAQLP

exports[`@studiometa/js-toolkit/utils exports should export all scripts 1`] = `
[
  "Queue",
  "SmartQueue",
  "addClass",
  "addStyle",
  "animate",
  "boundingRectToCircle",
  "clamp",
  "clamp01",
  "collideCircleCircle",
  "collideCircleRect",
  "collidePointCircle",
  "collidePointRect",
  "collideRectRect",
  "createEaseInOut",
  "createEaseOut",
  "createRange",
  "damp",
  "debounce",
  "domScheduler",
  "ease",
  "easeInCirc",
  "easeInCubic",
  "easeInExpo",
  "easeInOutCirc",
  "easeInOutCubic",
  "easeInOutExpo",
  "easeInOutQuad",
  "easeInOutQuart",
  "easeInOutQuint",
  "easeInOutSine",
  "easeInQuad",
  "easeInQuart",
  "easeInQuint",
  "easeInSine",
  "easeLinear",
  "easeOutCirc",
  "easeOutCubic",
  "easeOutExpo",
  "easeOutQuad",
  "easeOutQuart",
  "easeOutQuint",
  "easeOutSine",
  "endsWith",
  "getAncestorWhere",
  "getAncestorWhereUntil",
  "getComponentResolver",
  "getOffsetSizes",
  "hasWindow",
  "historyPush",
  "historyReplace",
  "inertiaFinalValue",
  "isArray",
  "isBoolean",
  "isDefined",
  "isDev",
  "isEmpty",
  "isEmptyString",
  "isFunction",
  "isNull",
  "isNumber",
  "isObject",
  "isString",
  "keyCodes",
  "lerp",
  "map",
  "matrix",
  "mean",
  "memoize",
  "nextFrame",
  "nextMicrotask",
  "nextTick",
  "noop",
  "noopValue",
  "objectToURLSearchParams",
  "randomInt",
  "randomItem",
  "removeClass",
  "removeStyle",
  "round",
  "saveActiveElement",
  "scrollTo",
  "startsWith",
  "throttle",
  "toggleClass",
  "transform",
  "transition",
  "trapFocus",
  "tween",
  "untrapFocus",
  "useScheduler",
  "wait",
  "withLeadingCharacters",
  "withLeadingSlash",
  "withTrailingCharacters",
  "withTrailingSlash",
  "withoutLeadingCharacters",
  "withoutLeadingCharactersRecursive",
  "withoutLeadingSlash",
  "withoutTrailingCharacters",
  "withoutTrailingCharactersRecursive",
  "withoutTrailingSlash",
]
`;
