// Jest Snapshot v1, https://goo.gl/fbAQLP

exports[`The "isArray" utility function should work with value of type "array" 1`] = `true`;

exports[`The "isArray" utility function should work with value of type "boolean" 1`] = `false`;

exports[`The "isArray" utility function should work with value of type "fn" 1`] = `false`;

exports[`The "isArray" utility function should work with value of type "number" 1`] = `false`;

exports[`The "isArray" utility function should work with value of type "object" 1`] = `false`;

exports[`The "isArray" utility function should work with value of type "string" 1`] = `false`;

exports[`The "isArray" utility function should work with value of type "undefined" 1`] = `false`;

exports[`The "isBoolean" utility function should work with value of type "array" 1`] = `false`;

exports[`The "isBoolean" utility function should work with value of type "boolean" 1`] = `true`;

exports[`The "isBoolean" utility function should work with value of type "fn" 1`] = `false`;

exports[`The "isBoolean" utility function should work with value of type "number" 1`] = `false`;

exports[`The "isBoolean" utility function should work with value of type "object" 1`] = `false`;

exports[`The "isBoolean" utility function should work with value of type "string" 1`] = `false`;

exports[`The "isBoolean" utility function should work with value of type "undefined" 1`] = `false`;

exports[`The "isDefined" utility function should work with value of type "array" 1`] = `true`;

exports[`The "isDefined" utility function should work with value of type "boolean" 1`] = `true`;

exports[`The "isDefined" utility function should work with value of type "fn" 1`] = `true`;

exports[`The "isDefined" utility function should work with value of type "number" 1`] = `true`;

exports[`The "isDefined" utility function should work with value of type "object" 1`] = `true`;

exports[`The "isDefined" utility function should work with value of type "string" 1`] = `true`;

exports[`The "isDefined" utility function should work with value of type "undefined" 1`] = `false`;

exports[`The "isFunction" utility function should work with value of type "array" 1`] = `false`;

exports[`The "isFunction" utility function should work with value of type "boolean" 1`] = `false`;

exports[`The "isFunction" utility function should work with value of type "fn" 1`] = `true`;

exports[`The "isFunction" utility function should work with value of type "number" 1`] = `false`;

exports[`The "isFunction" utility function should work with value of type "object" 1`] = `false`;

exports[`The "isFunction" utility function should work with value of type "string" 1`] = `false`;

exports[`The "isFunction" utility function should work with value of type "undefined" 1`] = `false`;

exports[`The "isNumber" utility function should work with value of type "array" 1`] = `false`;

exports[`The "isNumber" utility function should work with value of type "boolean" 1`] = `false`;

exports[`The "isNumber" utility function should work with value of type "fn" 1`] = `false`;

exports[`The "isNumber" utility function should work with value of type "number" 1`] = `true`;

exports[`The "isNumber" utility function should work with value of type "object" 1`] = `false`;

exports[`The "isNumber" utility function should work with value of type "string" 1`] = `false`;

exports[`The "isNumber" utility function should work with value of type "undefined" 1`] = `false`;

exports[`The "isObject" utility function should work with value of type "array" 1`] = `false`;

exports[`The "isObject" utility function should work with value of type "boolean" 1`] = `false`;

exports[`The "isObject" utility function should work with value of type "fn" 1`] = `false`;

exports[`The "isObject" utility function should work with value of type "number" 1`] = `false`;

exports[`The "isObject" utility function should work with value of type "object" 1`] = `true`;

exports[`The "isObject" utility function should work with value of type "string" 1`] = `false`;

exports[`The "isObject" utility function should work with value of type "undefined" 1`] = `false`;

exports[`The "isString" utility function should work with value of type "array" 1`] = `false`;

exports[`The "isString" utility function should work with value of type "boolean" 1`] = `false`;

exports[`The "isString" utility function should work with value of type "fn" 1`] = `false`;

exports[`The "isString" utility function should work with value of type "number" 1`] = `false`;

exports[`The "isString" utility function should work with value of type "object" 1`] = `false`;

exports[`The "isString" utility function should work with value of type "string" 1`] = `true`;

exports[`The "isString" utility function should work with value of type "undefined" 1`] = `false`;
