// Jest Snapshot v1, https://goo.gl/fbAQLP

exports[`nextTick method should execute in order 1`] = `
[
  [
    "start",
  ],
  [
    "end",
  ],
  [
    "nextMicrotask",
  ],
  [
    "nextTick",
  ],
  [
    "nextFrame",
  ],
]
`;
