// Jest Snapshot v1, https://goo.gl/fbAQLP

exports[`@studiometa/js-toolkit/utils/css exports should export all scripts 1`] = `
Array [
  "addClass",
  "addStyle",
  "getOffsetSizes",
  "matrix",
  "removeClass",
  "removeStyle",
  "toggleClass",
  "transition",
]
`;
