// Jest Snapshot v1, https://goo.gl/fbAQLP

exports[`transition method should work with an object parameter 1`] = `
[
  [
    "0",
  ],
  [
    "",
  ],
]
`;

exports[`transition method should work with an object parameter 2`] = `
[
  [
    "transition",
    "duration-500",
  ],
  [
    "transform",
    "scale-50",
  ],
]
`;

exports[`transition method should work with an object parameter 3`] = `
[
  [
    "transform",
    "scale-50",
  ],
  [
    "transition",
    "duration-500",
  ],
]
`;
