// Jest Snapshot v1, https://goo.gl/fbAQLP

exports[`helpers exports 1`] = `
Array [
  "createApp",
  "getDirectChildren",
  "getInstanceFromElement",
  "importOnInteraction",
  "importWhenIdle",
  "importWhenVisible",
  "isDirectChild",
]
`;
