// Bun Snapshot v1, https://goo.gl/fbAQLP

exports[`helpers exports 1`] = `
[
  "createApp",
  "getClosestParent",
  "getDirectChildren",
  "getInstanceFromElement",
  "importOnInteraction",
  "importOnMediaQuery",
  "importWhenIdle",
  "importWhenPrefersMotion",
  "importWhenVisible",
  "isDirectChild",
]
`;

exports[`helpers exports 2`] = `
[
  "createApp",
  "getClosestParent",
  "getDirectChildren",
  "getInstanceFromElement",
  "importOnInteraction",
  "importOnMediaQuery",
  "importWhenIdle",
  "importWhenPrefersMotion",
  "importWhenVisible",
  "isDirectChild",
]
`;

exports[`helpers exports 3`] = `
[
  "createApp",
  "getClosestParent",
  "getDirectChildren",
  "getInstanceFromElement",
  "importOnInteraction",
  "importOnMediaQuery",
  "importWhenIdle",
  "importWhenPrefersMotion",
  "importWhenVisible",
  "isDirectChild",
]
`;

exports[`helpers exports 4`] = `
[
  "createApp",
  "getClosestParent",
  "getDirectChildren",
  "getInstanceFromElement",
  "importOnInteraction",
  "importOnMediaQuery",
  "importWhenIdle",
  "importWhenPrefersMotion",
  "importWhenVisible",
  "isDirectChild",
]
`;

exports[`helpers exports 5`] = `
[
  "createApp",
  "getClosestParent",
  "getDirectChildren",
  "getInstanceFromElement",
  "importOnInteraction",
  "importOnMediaQuery",
  "importWhenIdle",
  "importWhenPrefersMotion",
  "importWhenVisible",
  "isDirectChild",
]
`;

exports[`helpers exports 6`] = `
[
  "createApp",
  "getClosestParent",
  "getDirectChildren",
  "getInstanceFromElement",
  "importOnInteraction",
  "importOnMediaQuery",
  "importWhenIdle",
  "importWhenPrefersMotion",
  "importWhenVisible",
  "isDirectChild",
]
`;

exports[`helpers exports 7`] = `
[
  "createApp",
  "getClosestParent",
  "getDirectChildren",
  "getInstanceFromElement",
  "importOnInteraction",
  "importOnMediaQuery",
  "importWhenIdle",
  "importWhenPrefersMotion",
  "importWhenVisible",
  "isDirectChild",
]
`;

exports[`helpers exports 8`] = `
[
  "createApp",
  "getClosestParent",
  "getDirectChildren",
  "getInstanceFromElement",
  "importOnInteraction",
  "importOnMediaQuery",
  "importWhenIdle",
  "importWhenPrefersMotion",
  "importWhenVisible",
  "isDirectChild",
]
`;

exports[`helpers exports 9`] = `
[
  "createApp",
  "getClosestParent",
  "getDirectChildren",
  "getInstanceFromElement",
  "importOnInteraction",
  "importOnMediaQuery",
  "importWhenIdle",
  "importWhenPrefersMotion",
  "importWhenVisible",
  "isDirectChild",
]
`;
