// Jest Snapshot v1, https://goo.gl/fbAQLP

exports[`The package exports should export helpers and the Base class 1`] = `
[
  "Base",
  "createApp",
  "getClosestParent",
  "getDirectChildren",
  "getInstanceFromElement",
  "importOnInteraction",
  "importOnMediaQuery",
  "importWhenIdle",
  "importWhenVisible",
  "isDirectChild",
  "useDrag",
  "useKey",
  "useLoad",
  "usePointer",
  "useRaf",
  "useResize",
  "useScroll",
  "useService",
  "withBreakpointManager",
  "withBreakpointObserver",
  "withDrag",
  "withExtraConfig",
  "withFreezedOptions",
  "withIntersectionObserver",
  "withMountOnMediaQuery",
  "withMountWhenInView",
  "withResponsiveOptions",
  "withScrolledInView",
  "withVue2",
]
`;
