// Jest Snapshot v1, https://goo.gl/fbAQLP

exports[`A Base instance config should have a working debug method when active in dev mode 1`] = `
Array [
  Array [
    "[debug] [Foo-37]",
    "constructor",
    Foo {
      "$el": <div />,
      "$id": "Foo-37",
      "$isMounted": true,
      "$parent": null,
      "__children": ChildrenManager {
        "__asyncComponentPromises": WeakMap {},
      },
      "__eventHandlers": Map {},
      "__events": EventsManager {},
      "__options": OptionsManager {
        "debug": true,
        "log": false,
        "name": "Foo",
      },
      "__refs": RefsManager {},
      "__services": ServicesManager {
        "__customServices": Object {},
      },
    },
  ],
  Array [
    "[debug] [Foo-37]",
    "$emit",
    "before-mounted",
    Array [],
  ],
  Array [
    "[debug] [Foo-37]",
    "$mount",
  ],
  Array [
    "[debug] [Foo-37]",
    "callMethod",
    "mounted",
  ],
  Array [
    "[debug] [Foo-37]",
    "$emit",
    "mounted",
    Array [],
  ],
]
`;

exports[`A Base instance should inherit from parent config 1`] = `
Object {
  "components": Object {},
  "emits": Array [
    "before-mounted",
    "mounted",
    "updated",
    "destroyed",
    "terminated",
    "ticked",
    "scrolled",
    "resized",
    "moved",
    "loaded",
    "keyed",
    "before-mounted",
    "mounted",
    "updated",
    "destroyed",
    "terminated",
    "ticked",
    "scrolled",
    "resized",
    "moved",
    "loaded",
    "keyed",
  ],
  "log": false,
  "name": "D",
  "options": Object {
    "color": [Function],
    "title": [Function],
  },
  "refs": Array [],
}
`;
